[oracle@rdsdbsrvr81 ~]$ cat /proc/meminfo
MemTotal:        4028280 kB
MemFree:         3379392 kB
MemAvailable:    3649968 kB
Buffers:             968 kB
Cached:           278636 kB
SwapCached:            0 kB
Active:           244632 kB
Inactive:         224464 kB
Active(anon):     190416 kB
Inactive(anon):     8400 kB
Active(file):      54216 kB
Inactive(file):   216064 kB
Unevictable:           0 kB
Mlocked:               0 kB
SwapTotal:       8388604 kB
SwapFree:        8388604 kB
Dirty:                 0 kB
Writeback:             0 kB
AnonPages:        189544 kB
Mapped:           143744 kB
Shmem:              9324 kB
Slab:              82724 kB
SReclaimable:      30344 kB
SUnreclaim:        52380 kB
KernelStack:        6944 kB
PageTables:        15560 kB
NFS_Unstable:          0 kB
Bounce:                0 kB
WritebackTmp:          0 kB
CommitLimit:    10402744 kB
Committed_AS:    1590152 kB
VmallocTotal:   34359738367 kB
VmallocUsed:      202572 kB
VmallocChunk:   34359310332 kB
HardwareCorrupted:     0 kB
AnonHugePages:         0 kB
CmaTotal:          16384 kB
CmaFree:           16324 kB
HugePages_Total:       0
HugePages_Free:        0
HugePages_Rsvd:        0
HugePages_Surp:        0
Hugepagesize:       2048 kB
DirectMap4k:      118592 kB
DirectMap2M:     3026944 kB
DirectMap1G:     3145728 kB
